// Jest Snapshot v1, https://goo.gl/fbAQLP

exports[`Render a div 1`] = `<div />`;

exports[`Wrap a component 1`] = `<div />`;
